------------------------------------------------------------
TimeQuest Timing Analyzer Summary
------------------------------------------------------------

Type  : Slow 1100mV 85C Model Setup 'clk'
Slack : -16.743
TNS   : -4909.649

Type  : Slow 1100mV 85C Model Hold 'clk'
Slack : 0.300
TNS   : 0.000

Type  : Slow 1100mV 85C Model Minimum Pulse Width 'clk'
Slack : -0.394
TNS   : -403.478

Type  : Slow 1100mV 0C Model Setup 'clk'
Slack : -17.005
TNS   : -4914.843

Type  : Slow 1100mV 0C Model Hold 'clk'
Slack : 0.285
TNS   : 0.000

Type  : Slow 1100mV 0C Model Minimum Pulse Width 'clk'
Slack : -0.394
TNS   : -439.441

Type  : Fast 1100mV 85C Model Setup 'clk'
Slack : -9.210
TNS   : -2561.713

Type  : Fast 1100mV 85C Model Hold 'clk'
Slack : 0.171
TNS   : 0.000

Type  : Fast 1100mV 85C Model Minimum Pulse Width 'clk'
Slack : -0.093
TNS   : -66.743

Type  : Fast 1100mV 0C Model Setup 'clk'
Slack : -8.564
TNS   : -2333.495

Type  : Fast 1100mV 0C Model Hold 'clk'
Slack : 0.158
TNS   : 0.000

Type  : Fast 1100mV 0C Model Minimum Pulse Width 'clk'
Slack : -0.092
TNS   : -66.752

------------------------------------------------------------
